// Jest Snapshot v1, https://goo.gl/fbAQLP

exports[`markEdits withHunk 1`] = `
[
  [],
  [],
]
`;

exports[`markEdits withHunk 2`] = `
[
  [],
  [],
]
`;

exports[`markEdits withHunk 3`] = `
[
  [],
  [],
]
`;

exports[`markEdits withHunk 4`] = `
[
  [],
  [],
]
`;
